gcc -g p7original.c
îº§ gdb a.out
GNU gdb (Ubuntu 8.1.1-0ubuntu1) 8.1.1
Copyright (C) 2018 Free Software Foundation, Inc.
License GPLv3+: GNU GPL version 3 or later <http://gnu.org/licenses/gpl.html>
This is free software: you are free to change and redistribute it.
There is NO WARRANTY, to the extent permitted by law.  Type "show copying"
and "show warranty" for details.
This GDB was configured as "x86_64-linux-gnu".
Type "show configuration" for configuration details.
For bug reporting instructions, please see:
<http://www.gnu.org/software/gdb/bugs/>.
Find the GDB manual and other documentation resources online at:
<http://www.gnu.org/software/gdb/documentation/>.
For help, type "help".
Type "apropos word" to search for commands related to "word"...
Reading symbols from a.out...done.
(gdb) b main
Breakpoint 1 at 0x856: file p7original.c, line 31.
(gdb) b main
Note: breakpoint 1 also set at pc 0x856.
Breakpoint 2 at 0x856: file p7original.c, line 31.
(gdb) r
Starting program: /home/runner/pps-IA1-practice/a.out 
warning: Error disabling address space randomization: Operation not permitted

Breakpoint 1, main () at p7original.c:31
31      c1 = input();
(gdb) n
enter the real part:2 4
32      c2 = input();
(gdb) n
enter the imaginary part:enter the real part:3 5
33      sum = add(c1,c2);
(gdb) n
34      output(c1,c2,sum);
(gdb) n
enter the imaginary part:the sum of 2.0+4.0i and 3.0+5.0i is 5.0+9.000000i
35      return 0;
(gdb) c